// Vitest Snapshot v1, https://vitest.dev/guide/snapshot.html

exports[`errors plugin > generates expected schema 1`] = `
"type BaseError implements Error {
  message: String
}

type CreateUserSuccess {
  id: String
  name: String
}

type DirectResult {
  id: ID
}

interface Error {
  message: String
}

type Extended2Error implements Error {
  code: Int
  message: String
}

type ExtendedError implements Error {
  code: Int
  message: String
}

type InputValidationError implements Error {
  issues: [InputValidationIssue!]
  message: String
}

type InputValidationIssue {
  message: String
  path: [String!]
}

type LengthError implements Error {
  message: String
  minLength: Int
}

type Mutation {
  testErrorUnion(action: String!, shouldFail: String): MutationTestErrorUnionResult
  testErrorUnionCustomResolveType(type: String!): MutationTestErrorUnionCustomResolveTypeResult
  testErrorUnionList(includeError: Boolean!): [MutationTestErrorUnionListItemResult!]
  testErrorUnionListAsyncIterable(includeError: Boolean!, throwError: Boolean!): [MutationTestErrorUnionListAsyncIterableItemResult!]
  testErrorUnionListCustomResolveType(includeError: Boolean!): [MutationTestErrorUnionListCustomResolveTypeItemResult!]
  testErrorUnionListIterable(includeError: Boolean!): [MutationTestErrorUnionListIterableItemResult!]
  testErrorUnionListThrow(shouldThrow: Boolean!): [MutationTestErrorUnionListThrowItemResult!]
  testErrorUnionListWithErrors(includeItemError: Boolean!, throwNotFound: Boolean): MutationTestErrorUnionListWithErrorsResult
  testErrorUnionNullable(returnNull: Boolean!): MutationTestErrorUnionNullableResult
  testErrorUnionThrow(shouldFail: String!): MutationTestErrorUnionThrowResult
  testErrorUnionThrowNonError: MutationTestErrorUnionThrowNonErrorResult
  testErrorUnionWithDefaultTypes(shouldThrowDefault: Boolean!): MutationTestErrorUnionWithDefaultTypesResult
}

union MutationTestErrorUnionCustomResolveTypeResult = BaseError | CreateUserSuccess | NotFoundError | ValidationError

union MutationTestErrorUnionListAsyncIterableItemResult = BaseError | CreateUserSuccess | ValidationError

union MutationTestErrorUnionListCustomResolveTypeItemResult = BaseError | CreateUserSuccess | ValidationError

union MutationTestErrorUnionListItemResult = BaseError | CreateUserSuccess | ValidationError

union MutationTestErrorUnionListIterableItemResult = BaseError | CreateUserSuccess | ValidationError

union MutationTestErrorUnionListThrowItemResult = BaseError | CreateUserSuccess | ValidationError

union MutationTestErrorUnionListWithErrorsItemResult = BaseError | CreateUserSuccess | ValidationError

union MutationTestErrorUnionListWithErrorsResult = BaseError | MutationTestErrorUnionListWithErrorsSuccess | NotFoundError

type MutationTestErrorUnionListWithErrorsSuccess {
  data: [MutationTestErrorUnionListWithErrorsItemResult!]!
}

union MutationTestErrorUnionNullableResult = BaseError | CreateUserSuccess | ValidationError

union MutationTestErrorUnionResult = BaseError | CreateUserSuccess | NotFoundError | UpdateUserSuccess | ValidationError

union MutationTestErrorUnionThrowNonErrorResult = BaseError | CreateUserSuccess | ValidationError

union MutationTestErrorUnionThrowResult = BaseError | CreateUserSuccess | NotFoundError | ValidationError

union MutationTestErrorUnionWithDefaultTypesResult = BaseError | CreateUserSuccess

type NotFoundError implements Error {
  message: String
}

type Query {
  asyncItemErrors(error: Boolean): QueryAsyncItemErrorsResult
  directResult(shouldThrow: Boolean): QueryDirectResultResult
  errorReturned(shouldFail: Boolean): QueryErrorReturnedResult
  extendedError(throw: String): QueryExtendedErrorResult
  extendedErrorList(throw: String): QueryExtendedErrorListResult
  fieldWithValidation(string: String): QueryFieldWithValidationResult
  hello(name: String!): QueryHelloResult
  helloWithMinLength(name: String!): QueryHelloWithMinLengthResult
  itemErrors: [QueryItemErrorsItemResult]!
  itemErrorsDirectResult: [QueryItemErrorsDirectResultItemResult]!
  itemErrorsWithFieldErrors(shouldThrow: Boolean): QueryItemErrorsWithFieldErrorsResult!
  simpleError(throw: Boolean): QuerySimpleErrorResult
  validation2(stringList: [String!]): QueryValidation2Result
}

union QueryAsyncItemErrorsItemResult = BaseError | QueryAsyncItemErrorsItemSuccess

type QueryAsyncItemErrorsItemSuccess {
  data: DirectResult!
}

union QueryAsyncItemErrorsResult = BaseError | QueryAsyncItemErrorsSuccess

type QueryAsyncItemErrorsSuccess {
  data: [QueryAsyncItemErrorsItemResult!]!
}

union QueryDirectResultResult = BaseError | DirectResult

union QueryErrorReturnedResult = BaseError | QueryErrorReturnedSuccess | ValidationError

type QueryErrorReturnedSuccess {
  data: String!
}

union QueryExtendedErrorListResult = BaseError | Extended2Error | ExtendedError | QueryExtendedErrorListSuccess

type QueryExtendedErrorListSuccess {
  data: [String]!
}

union QueryExtendedErrorResult = BaseError | Extended2Error | ExtendedError | QueryExtendedErrorSuccess

type QueryExtendedErrorSuccess {
  data: String!
}

union QueryFieldWithValidationResult = BaseError | InputValidationError | QueryFieldWithValidationSuccess

type QueryFieldWithValidationSuccess {
  result: Boolean!
}

union QueryHelloResult = BaseError | QueryHelloSuccess

type QueryHelloSuccess {
  data: String!
}

union QueryHelloWithMinLengthResult = BaseError | LengthError | QueryHelloWithMinLengthSuccess

type QueryHelloWithMinLengthSuccess {
  data: String!
}

union QueryItemErrorsDirectResultItemResult = BaseError | DirectResult

union QueryItemErrorsItemResult = BaseError | QueryItemErrorsItemSuccess

type QueryItemErrorsItemSuccess {
  data: DirectResult!
}

union QueryItemErrorsWithFieldErrorsItemResult = BaseError | QueryItemErrorsWithFieldErrorsItemSuccess

type QueryItemErrorsWithFieldErrorsItemSuccess {
  data: DirectResult!
}

union QueryItemErrorsWithFieldErrorsResult = BaseError | QueryItemErrorsWithFieldErrorsSuccess

type QueryItemErrorsWithFieldErrorsSuccess {
  data: [QueryItemErrorsWithFieldErrorsItemResult]!
}

union QuerySimpleErrorResult = BaseError | QuerySimpleErrorSuccess

type QuerySimpleErrorSuccess {
  data: String!
}

union QueryValidation2Result = BaseError | InputValidationError | QueryValidation2Success

type QueryValidation2Success {
  result: Boolean!
}

type Subscription {
  test(errorInIterable: Boolean, errorOnResolve: Boolean, errorOnSubscribe: Boolean, returnNull: Boolean): SubscriptionTestResult
}

union SubscriptionTestResult = BaseError | SubscriptionTestSuccess

type SubscriptionTestSuccess {
  data: Int!
}

type UpdateUserSuccess {
  id: String
  updatedFields: [String!]
}

type ValidationError implements Error {
  field: String
  message: String
}"
`;

exports[`errors plugin > supports generating custom names 1`] = `
"type AsyncItemErrors_CUSTOM_ITEM_RESULT_NAME {
  data: DirectResult!
}

union AsyncItemErrors_CUSTOM_ITEM_UNION_NAME = AsyncItemErrors_CUSTOM_ITEM_RESULT_NAME | BaseError

type AsyncItemErrors_CUSTOM_RESULT_NAME {
  data: [AsyncItemErrors_CUSTOM_ITEM_UNION_NAME!]!
}

union AsyncItemErrors_CUSTOM_UNION_NAME = AsyncItemErrors_CUSTOM_RESULT_NAME | BaseError

type BaseError implements Error {
  message: String
}

type CreateUserSuccess {
  id: String
  name: String
}

type DirectResult {
  id: ID
}

union DirectResult_CUSTOM_UNION_NAME = BaseError | DirectResult

interface Error {
  message: String
}

type ErrorReturned_CUSTOM_RESULT_NAME {
  data: String!
}

union ErrorReturned_CUSTOM_UNION_NAME = BaseError | ErrorReturned_CUSTOM_RESULT_NAME | ValidationError

type Extended2Error implements Error {
  code: Int
  message: String
}

type ExtendedError implements Error {
  code: Int
  message: String
}

type ExtendedErrorList_CUSTOM_RESULT_NAME {
  data: [String]!
}

union ExtendedErrorList_CUSTOM_UNION_NAME = BaseError | Extended2Error | ExtendedError | ExtendedErrorList_CUSTOM_RESULT_NAME

type ExtendedError_CUSTOM_RESULT_NAME {
  data: String!
}

union ExtendedError_CUSTOM_UNION_NAME = BaseError | Extended2Error | ExtendedError | ExtendedError_CUSTOM_RESULT_NAME

type FieldWithValidation_CUSTOM_RESULT_NAME {
  result: Boolean!
}

union FieldWithValidation_CUSTOM_UNION_NAME = BaseError | FieldWithValidation_CUSTOM_RESULT_NAME | InputValidationError

type HelloWithMinLength_CUSTOM_RESULT_NAME {
  data: String!
}

union HelloWithMinLength_CUSTOM_UNION_NAME = BaseError | HelloWithMinLength_CUSTOM_RESULT_NAME | LengthError

type Hello_CUSTOM_RESULT_NAME {
  data: String!
}

union Hello_CUSTOM_UNION_NAME = BaseError | Hello_CUSTOM_RESULT_NAME

type InputValidationError implements Error {
  issues: [InputValidationIssue!]
  message: String
}

type InputValidationIssue {
  message: String
  path: [String!]
}

union ItemErrorsDirectResult_CUSTOM_ITEM_UNION_NAME = BaseError | DirectResult

type ItemErrorsWithFieldErrors_CUSTOM_ITEM_RESULT_NAME {
  data: DirectResult!
}

union ItemErrorsWithFieldErrors_CUSTOM_ITEM_UNION_NAME = BaseError | ItemErrorsWithFieldErrors_CUSTOM_ITEM_RESULT_NAME

type ItemErrorsWithFieldErrors_CUSTOM_RESULT_NAME {
  data: [ItemErrorsWithFieldErrors_CUSTOM_ITEM_UNION_NAME]!
}

union ItemErrorsWithFieldErrors_CUSTOM_UNION_NAME = BaseError | ItemErrorsWithFieldErrors_CUSTOM_RESULT_NAME

type ItemErrors_CUSTOM_ITEM_RESULT_NAME {
  data: DirectResult!
}

union ItemErrors_CUSTOM_ITEM_UNION_NAME = BaseError | ItemErrors_CUSTOM_ITEM_RESULT_NAME

type LengthError implements Error {
  message: String
  minLength: Int
}

type Mutation {
  testErrorUnion(action: String!, shouldFail: String): TestErrorUnion_CUSTOM_UNION_NAME
  testErrorUnionCustomResolveType(type: String!): TestErrorUnionCustomResolveType_CUSTOM_UNION_NAME
  testErrorUnionList(includeError: Boolean!): [TestErrorUnionList_CUSTOM_ITEM_UNION_NAME!]
  testErrorUnionListAsyncIterable(includeError: Boolean!, throwError: Boolean!): [TestErrorUnionListAsyncIterable_CUSTOM_ITEM_UNION_NAME!]
  testErrorUnionListCustomResolveType(includeError: Boolean!): [TestErrorUnionListCustomResolveType_CUSTOM_ITEM_UNION_NAME!]
  testErrorUnionListIterable(includeError: Boolean!): [TestErrorUnionListIterable_CUSTOM_ITEM_UNION_NAME!]
  testErrorUnionListThrow(shouldThrow: Boolean!): [TestErrorUnionListThrow_CUSTOM_ITEM_UNION_NAME!]
  testErrorUnionListWithErrors(includeItemError: Boolean!, throwNotFound: Boolean): TestErrorUnionListWithErrors_CUSTOM_UNION_NAME
  testErrorUnionNullable(returnNull: Boolean!): TestErrorUnionNullable_CUSTOM_UNION_NAME
  testErrorUnionThrow(shouldFail: String!): TestErrorUnionThrow_CUSTOM_UNION_NAME
  testErrorUnionThrowNonError: TestErrorUnionThrowNonError_CUSTOM_UNION_NAME
  testErrorUnionWithDefaultTypes(shouldThrowDefault: Boolean!): TestErrorUnionWithDefaultTypes_CUSTOM_UNION_NAME
}

type NotFoundError implements Error {
  message: String
}

type Query {
  asyncItemErrors(error: Boolean): AsyncItemErrors_CUSTOM_UNION_NAME
  directResult(shouldThrow: Boolean): DirectResult_CUSTOM_UNION_NAME
  errorReturned(shouldFail: Boolean): ErrorReturned_CUSTOM_UNION_NAME
  extendedError(throw: String): ExtendedError_CUSTOM_UNION_NAME
  extendedErrorList(throw: String): ExtendedErrorList_CUSTOM_UNION_NAME
  fieldWithValidation(string: String): FieldWithValidation_CUSTOM_UNION_NAME
  hello(name: String!): Hello_CUSTOM_UNION_NAME
  helloWithMinLength(name: String!): HelloWithMinLength_CUSTOM_UNION_NAME
  itemErrors: [ItemErrors_CUSTOM_ITEM_UNION_NAME]!
  itemErrorsDirectResult: [ItemErrorsDirectResult_CUSTOM_ITEM_UNION_NAME]!
  itemErrorsWithFieldErrors(shouldThrow: Boolean): ItemErrorsWithFieldErrors_CUSTOM_UNION_NAME!
  simpleError(throw: Boolean): SimpleError_CUSTOM_UNION_NAME
  validation2(stringList: [String!]): Validation2_CUSTOM_UNION_NAME
}

type SimpleError_CUSTOM_RESULT_NAME {
  data: String!
}

union SimpleError_CUSTOM_UNION_NAME = BaseError | SimpleError_CUSTOM_RESULT_NAME

type Subscription {
  test(errorInIterable: Boolean, errorOnResolve: Boolean, errorOnSubscribe: Boolean, returnNull: Boolean): Test_CUSTOM_UNION_NAME
}

union TestErrorUnionCustomResolveType_CUSTOM_UNION_NAME = BaseError | CreateUserSuccess | NotFoundError | ValidationError

union TestErrorUnionListAsyncIterable_CUSTOM_ITEM_UNION_NAME = BaseError | CreateUserSuccess | ValidationError

union TestErrorUnionListCustomResolveType_CUSTOM_ITEM_UNION_NAME = BaseError | CreateUserSuccess | ValidationError

union TestErrorUnionListIterable_CUSTOM_ITEM_UNION_NAME = BaseError | CreateUserSuccess | ValidationError

union TestErrorUnionListThrow_CUSTOM_ITEM_UNION_NAME = BaseError | CreateUserSuccess | ValidationError

union TestErrorUnionListWithErrors_CUSTOM_ITEM_UNION_NAME = BaseError | CreateUserSuccess | ValidationError

type TestErrorUnionListWithErrors_CUSTOM_RESULT_NAME {
  data: [TestErrorUnionListWithErrors_CUSTOM_ITEM_UNION_NAME!]!
}

union TestErrorUnionListWithErrors_CUSTOM_UNION_NAME = BaseError | NotFoundError | TestErrorUnionListWithErrors_CUSTOM_RESULT_NAME

union TestErrorUnionList_CUSTOM_ITEM_UNION_NAME = BaseError | CreateUserSuccess | ValidationError

union TestErrorUnionNullable_CUSTOM_UNION_NAME = BaseError | CreateUserSuccess | ValidationError

union TestErrorUnionThrowNonError_CUSTOM_UNION_NAME = BaseError | CreateUserSuccess | ValidationError

union TestErrorUnionThrow_CUSTOM_UNION_NAME = BaseError | CreateUserSuccess | NotFoundError | ValidationError

union TestErrorUnionWithDefaultTypes_CUSTOM_UNION_NAME = BaseError | CreateUserSuccess

union TestErrorUnion_CUSTOM_UNION_NAME = BaseError | CreateUserSuccess | NotFoundError | UpdateUserSuccess | ValidationError

type Test_CUSTOM_RESULT_NAME {
  data: Int!
}

union Test_CUSTOM_UNION_NAME = BaseError | Test_CUSTOM_RESULT_NAME

type UpdateUserSuccess {
  id: String
  updatedFields: [String!]
}

type Validation2_CUSTOM_RESULT_NAME {
  result: Boolean!
}

union Validation2_CUSTOM_UNION_NAME = BaseError | InputValidationError | Validation2_CUSTOM_RESULT_NAME

type ValidationError implements Error {
  field: String
  message: String
}"
`;
